
> cmms-backend@1.0.0 test
> jest --verbose

npm : PASS src/__tests__/e2eExample.test.js (14.047 s)
En línea: 1 Carácter: 13
+ cd backend; npm test > test_output.txt 2>&1
+             ~~~~~~~~~~~~~~~~~~~~~~~~~~~~~~~
    + CategoryInfo          : NotSpecified: (PASS src/__test...t.js (14.047 s):String) [], RemoteException
    + FullyQualifiedErrorId : NativeCommandError
 
  End-to-End Test Example
    ÔêÜ should demonstrate the flow of a complete user journey (35 ms)

  console.log
    Ôùç injected env (9) from .env // tip: Ôîÿ suppress logs { quiet: true }

      at _log (../node_modules/dotenv/lib/main.js:131:11)

  console.log
    Ôùç injected env (9) from .env // tip: Ôîÿ enable debugging { debug: true }

      at _log (../node_modules/dotenv/lib/main.js:131:11)

FAIL src/__tests__/clientModel.test.js (33.975 s)
  Client Model
    Client Schema
      ÔêÜ should have the correct fields defined (367 ms)
      ├ù should have correct field types (13 ms)
      ÔêÜ should have correct validations for name field (4 ms)
      ÔêÜ should have correct validations for email field (3 ms)
      ÔêÜ should have correct default value for isActive field (2 ms)

  ÔùÅ Client Model ÔÇ║ Client Schema ÔÇ║ should have correct field types

    expect(received).toContain(expected) // indexOf

    Expected substring: "BOOLEAN"
    Received string:    "TINYINT(1)"

    [0m [90m 22 |[39m       
expect(schema[33m.[39mphone[33m.[39mtype[33m.[39mtoString())[33m.[39mtoContain([32m'VARCHAR'[39m)[33m;[39m
     [90m 23 |[39m       
expect(schema[33m.[39maddress[33m.[39mtype[33m.[39mtoString())[33m.[39mtoContain([32m'TEXT'[39m)[33m;[39m
    [31m[1m>[22m[39m[90m 24 |[39m       expect(schema[33m.[39misActive[33m.[39mtype[33m.[39mtoString())[33
m.[39mtoContain([32m'BOOLEAN'[39m)[33m;[39m
     [90m    |[39m                                               [31m[1m^[22m[39m
     [90m 25 |[39m     })[33m;[39m
     [90m 26 |[39m
     [90m 27 |[39m     it([32m'should have correct validations for name field'[39m[33m,[39m () [33m=>[39m {[0m

      at Object.<anonymous> (src/__tests__/clientModel.test.js:24:47)

  console.log
    Ôùç injected env (0) from .env // tip: Ôîÿ override existing { override: true }

      at _log (../node_modules/dotenv/lib/main.js:131:11)

FAIL src/__tests__/clientRoutes.integration.test.js (70.455 s)
  Client Routes Integration Tests
    GET /api/clients
      ├ù should return all clients (4106 ms)
    POST /api/clients
      ├ù should create a new client (1257 ms)
      ├ù should return error when creating client without required name (175 ms)
    GET /api/clients/:id
      ├ù should return a specific client (1943 ms)
      ├ù should return 404 for non-existent client (1557 ms)

  ÔùÅ Client Routes Integration Tests ÔÇ║ GET /api/clients ÔÇ║ should return all clients

    expected 200 "OK", got 401 "Unauthorized"

    [0m [90m 33 |[39m       [36mconst[39m response [33m=[39m [36mawait[39m request(app)
     [90m 34 |[39m         [33m.[39m[36mget[39m([32m'/api/clients'[39m)
    [31m[1m>[22m[39m[90m 35 |[39m         [33m.[39mexpect([35m200[39m)[33m;[39m
     [90m    |[39m          [31m[1m^[22m[39m
     [90m 36 |[39m
     [90m 37 |[39m       expect(response[33m.[39mbody[33m.[39msuccess)[33m.[39mtoBe([36mtrue[39m)[33m;[39m
     [90m 38 |[39m       expect([33mArray[39m[33m.[39misArray(response[33m.[39mbody[33m.[39mdata))[33m.[39m
toBe([36mtrue[39m)[33m;[39m[0m

      at Object.<anonymous> (src/__tests__/clientRoutes.integration.test.js:35:10)
      ----
      at Test._assertStatus (../node_modules/supertest/lib/test.js:309:14)
      at ../node_modules/supertest/lib/test.js:365:13
      at Test._assertFunction (../node_modules/supertest/lib/test.js:342:13)
      at Test.assert (../node_modules/supertest/lib/test.js:195:23)
      at localAssert (../node_modules/supertest/lib/test.js:138:14)
      at Server.<anonymous> (../node_modules/supertest/lib/test.js:152:11)

  ÔùÅ Client Routes Integration Tests ÔÇ║ POST /api/clients ÔÇ║ should create a new client

    expected 201 "Created", got 401 "Unauthorized"

    [0m [90m 56 |[39m         [33m.[39mpost([32m'/api/clients'[39m)
     [90m 57 |[39m         [33m.[39msend(newClient)
    [31m[1m>[22m[39m[90m 58 |[39m         [33m.[39mexpect([35m201[39m)[33m;[39m
     [90m    |[39m          [31m[1m^[22m[39m
     [90m 59 |[39m
     [90m 60 |[39m       expect(response[33m.[39mbody[33m.[39msuccess)[33m.[39mtoBe([36mtrue[39m)[33m;[39m
     [90m 61 |[39m       
expect(response[33m.[39mbody[33m.[39mdata)[33m.[39mtoHaveProperty([32m'id'[39m)[33m;[39m[0m

      at Object.<anonymous> (src/__tests__/clientRoutes.integration.test.js:58:10)
      ----
      at Test._assertStatus (../node_modules/supertest/lib/test.js:309:14)
      at ../node_modules/supertest/lib/test.js:365:13
      at Test._assertFunction (../node_modules/supertest/lib/test.js:342:13)
      at Test.assert (../node_modules/supertest/lib/test.js:195:23)
      at localAssert (../node_modules/supertest/lib/test.js:138:14)
      at Server.<anonymous> (../node_modules/supertest/lib/test.js:152:11)

  ÔùÅ Client Routes Integration Tests ÔÇ║ POST /api/clients ÔÇ║ should return error when creating client without 
required name

    expected 400 "Bad Request", got 401 "Unauthorized"

    [0m [90m 76 |[39m         [33m.[39mpost([32m'/api/clients'[39m)
     [90m 77 |[39m         [33m.[39msend(invalidClient)
    [31m[1m>[22m[39m[90m 78 |[39m         [33m.[39mexpect([35m400[39m)[33m;[39m
     [90m    |[39m          [31m[1m^[22m[39m
     [90m 79 |[39m
     [90m 80 |[39m       expect(response[33m.[39mbody[33m.[39msuccess)[33m.[39mtoBe([36mfalse[39m)[33m;[39m
     [90m 81 |[39m     })[33m;[39m[0m

      at Object.<anonymous> (src/__tests__/clientRoutes.integration.test.js:78:10)
      ----
      at Test._assertStatus (../node_modules/supertest/lib/test.js:309:14)
      at ../node_modules/supertest/lib/test.js:365:13
      at Test._assertFunction (../node_modules/supertest/lib/test.js:342:13)
      at Test.assert (../node_modules/supertest/lib/test.js:195:23)
      at localAssert (../node_modules/supertest/lib/test.js:138:14)
      at Server.<anonymous> (../node_modules/supertest/lib/test.js:152:11)

  ÔùÅ Client Routes Integration Tests ÔÇ║ GET /api/clients/:id ÔÇ║ should return a specific client

    expected 200 "OK", got 401 "Unauthorized"

    [0m [90m 93 |[39m       [36mconst[39m response [33m=[39m [36mawait[39m request(app)
     [90m 94 |[39m         [33m.[39m[36mget[39m([32m`/api/clients/${client.id}`[39m)
    [31m[1m>[22m[39m[90m 95 |[39m         [33m.[39mexpect([35m200[39m)[33m;[39m
     [90m    |[39m          [31m[1m^[22m[39m
     [90m 96 |[39m
     [90m 97 |[39m       expect(response[33m.[39mbody[33m.[39msuccess)[33m.[39mtoBe([36mtrue[39m)[33m;[39m
     [90m 98 |[39m       
expect(response[33m.[39mbody[33m.[39mdata[33m.[39mid)[33m.[39mtoBe(client[33m.[39mid)[33m;[39m[0m

      at Object.<anonymous> (src/__tests__/clientRoutes.integration.test.js:95:10)
      ----
      at Test._assertStatus (../node_modules/supertest/lib/test.js:309:14)
      at ../node_modules/supertest/lib/test.js:365:13
      at Test._assertFunction (../node_modules/supertest/lib/test.js:342:13)
      at Test.assert (../node_modules/supertest/lib/test.js:195:23)
      at localAssert (../node_modules/supertest/lib/test.js:138:14)
      at Server.<anonymous> (../node_modules/supertest/lib/test.js:152:11)

  ÔùÅ Client Routes Integration Tests ÔÇ║ GET /api/clients/:id ÔÇ║ should return 404 for non-existent client

    expected 404 "Not Found", got 401 "Unauthorized"

    [0m [90m 105 |[39m       [36mconst[39m response [33m=[39m [36mawait[39m request(app)
     [90m 106 |[39m         [33m.[39m[36mget[39m([32m`/api/clients/${fakeId}`[39m)
    [31m[1m>[22m[39m[90m 107 |[39m         [33m.[39mexpect([35m404[39m)[33m;[39m
     [90m     |[39m          [31m[1m^[22m[39m
     [90m 108 |[39m
     [90m 109 |[39m       
expect(response[33m.[39mbody[33m.[39msuccess)[33m.[39mtoBe([36mfalse[39m)[33m;[39m
     [90m 110 |[39m     })[33m;[39m[0m

      at Object.<anonymous> (src/__tests__/clientRoutes.integration.test.js:107:10)
      ----
      at Test._assertStatus (../node_modules/supertest/lib/test.js:309:14)
      at ../node_modules/supertest/lib/test.js:365:13
      at Test._assertFunction (../node_modules/supertest/lib/test.js:342:13)
      at Test.assert (../node_modules/supertest/lib/test.js:195:23)
      at localAssert (../node_modules/supertest/lib/test.js:138:14)
      at Server.<anonymous> (../node_modules/supertest/lib/test.js:152:11)

A worker process has failed to exit gracefully and has been force exited. This is likely caused by tests leaking due 
to improper teardown. Try running with --detectOpenHandles to find leaks. Active timers can also cause this, ensure 
that .unref() was called on them.
Test Suites: 2 failed, 1 passed, 3 total
Tests:       6 failed, 5 passed, 11 total
Snapshots:   0 total
Time:        85.568 s
Ran all test suites.
npm error Lifecycle script `test` failed with error:
npm error code 1
npm error path C:\Users\luisc.DESKTOP-LGM74MM\Documents\PROYECTOS PROGRAMACION\cmms-hidrobombas-merida\backend
npm error workspace cmms-backend@1.0.0
npm error location C:\Users\luisc.DESKTOP-LGM74MM\Documents\PROYECTOS PROGRAMACION\cmms-hidrobombas-merida\backend
npm error command failed
npm error command C:\WINDOWS\system32\cmd.exe /d /s /c jest --verbose
